[[1;34mINFO[m] Scanning for projects...
[[1;34mINFO[m] 
[[1;34mINFO[m] [1m-------------< [0;36mcom.tprs:thesis-project-repository-system[0;1m >--------------[m
[[1;34mINFO[m] [1mBuilding Thesis Project Repository System 1.0-SNAPSHOT[m
[[1;34mINFO[m]   from pom.xml
[[1;34mINFO[m] [1m--------------------------------[ war ]---------------------------------[m
[[1;34mINFO[m] 
[[1;34mINFO[m] [1m>>> [0;32mjetty:10.0.18:run[m [1m(default-cli)[0;1m > [0;1mtest-compile[m @ [36mthesis-project-repository-system[0;1m >>>[m
[[1;34mINFO[m] 
[[1;34mINFO[m] [1m--- [0;32mresources:3.3.1:resources[m [1m(default-resources)[m @ [36mthesis-project-repository-system[0;1m ---[m
[[1;34mINFO[m] Copying 1 resource from src/main/resources to target/classes
[[1;34mINFO[m] 
[[1;34mINFO[m] [1m--- [0;32mcompiler:3.15.0:compile[m [1m(default-compile)[m @ [36mthesis-project-repository-system[0;1m ---[m
[[1;34mINFO[m] Nothing to compile - all classes are up to date.
[[1;34mINFO[m] 
[[1;34mINFO[m] [1m--- [0;32mresources:3.3.1:testResources[m [1m(default-testResources)[m @ [36mthesis-project-repository-system[0;1m ---[m
[[1;34mINFO[m] skip non existing resourceDirectory /var/www/html/TPRS/backend/src/test/resources
[[1;34mINFO[m] 
[[1;34mINFO[m] [1m--- [0;32mcompiler:3.15.0:testCompile[m [1m(default-testCompile)[m @ [36mthesis-project-repository-system[0;1m ---[m
[[1;34mINFO[m] No sources to compile
[[1;34mINFO[m] 
[[1;34mINFO[m] [1m<<< [0;32mjetty:10.0.18:run[m [1m(default-cli)[0;1m < [0;1mtest-compile[m @ [36mthesis-project-repository-system[0;1m <<<[m
[[1;34mINFO[m] 
[[1;34mINFO[m] 
[[1;34mINFO[m] [1m--- [0;32mjetty:10.0.18:run[m [1m(default-cli)[m @ [36mthesis-project-repository-system[0;1m ---[m
[[1;34mINFO[m] Configuring Jetty for project: Thesis Project Repository System
[[1;34mINFO[m] Classes = /var/www/html/TPRS/backend/target/classes
[[1;34mINFO[m] Context path = /tprs
[[1;34mINFO[m] Tmp directory = /var/www/html/TPRS/backend/target/tmp
[[1;34mINFO[m] web.xml file = /var/www/html/TPRS/backend/WEB-INF/web.xml
[[1;34mINFO[m] Webapp directory = /var/www/html/TPRS/backend/target/webapp-synth
[[1;34mINFO[m] Web defaults = org/eclipse/jetty/webapp/webdefault.xml
[[1;34mINFO[m] Web overrides =  none
[[1;34mINFO[m] jetty-10.0.18; built: 2023-10-27T01:59:58.245Z; git: 8545fd9bf4cd0d0838f626b405fd4963441546b7; jvm 17.0.18+8-Ubuntu-125.10.1
[[1;34mINFO[m] Session workerName=node0
[[1;34mINFO[m] Started o.e.j.m.p.MavenWebAppContext@22ad1bae{TPRS - Thesis and Project Repository System,/tprs,[file:///var/www/html/TPRS/backend/target/webapp-synth/],AVAILABLE}{file:///var/www/html/TPRS/backend/target/webapp-synth/}
[[1;34mINFO[m] Started ServerConnector@1a531422{HTTP/1.1, (http/1.1)}{0.0.0.0:8080}
[[1;34mINFO[m] Started Server@3fa21d49{STARTING}[10.0.18,sto=0] @5903ms
[[1;34mINFO[m] Automatic redeployment disabled, see 'mvn jetty:help' for more redeployment options
[[1;34mINFO[m] Stopped Server@3fa21d49{STOPPING}[10.0.18,sto=0]
[[1;34mINFO[m] Stopped ServerConnector@1a531422{HTTP/1.1, (http/1.1)}{0.0.0.0:8080}
[[1;34mINFO[m] Stopped o.e.j.m.p.MavenWebAppContext@22ad1bae{TPRS - Thesis and Project Repository System,/tprs,[file:///var/www/html/TPRS/backend/target/webapp-synth/],STOPPED}{file:///var/www/html/TPRS/backend/target/webapp-synth/}
[[1;34mINFO[m] [1m------------------------------------------------------------------------[m
[[1;34mINFO[m] [1;32mBUILD SUCCESS[m
[[1;34mINFO[m] [1m------------------------------------------------------------------------[m
[[1;34mINFO[m] Total time:  20.654 s
[[1;34mINFO[m] Finished at: 2026-04-03T10:56:22Z
[[1;34mINFO[m] [1m------------------------------------------------------------------------[m
